[nestlabnelson.ca/index.html]
[backblue.gif]
[fade.gif]
[index.html]
[nestlabnelson.ca/wp-content/themes/nestlabnelson/dist/styles/main_e90d3f7b.css]
[nestlabnelson.ca/wp-json/wp/v2/pages/25.json]
[nestlabnelson.ca/wp-json/index.html]
[nestlabnelson.ca/xmlrpc0db0.php]
[nestlabnelson.ca/wp-includes/wlwmanifest.xml]
[nestlabnelson.ca/wp-json/oembed/1.0/embedf936.json]
[nestlabnelson.ca/wp-json/oembed/1.0/embedf4b5]
[nestlabnelson.ca/wp-content/uploads/svgs/NestLab-Logo-Colour.svg]
[nestlabnelson.ca/wp-content/uploads/2020/12/Nelson-Adrian.jpg]
[nestlabnelson.ca/wp-content/uploads/2020/12/convene.svg]
[nestlabnelson.ca/wp-content/uploads/2020/12/complex.svg]
[nestlabnelson.ca/wp-content/uploads/2020/12/prototype.svg]
[nestlabnelson.ca/wp-content/uploads/2020/12/localaction.svg]
[nestlabnelson.ca/wp-content/uploads/2021/12/LSEV-300x169.png]
[nestlabnelson.ca/wp-content/uploads/svgs/youtube-play-normal.svg]
[nestlabnelson.ca/wp-content/uploads/svgs/youtube-play-over.svg]
[nestlabnelson.ca/wp-content/uploads/2021/12/hydrokinetic-300x169.png]
[nestlabnelson.ca/wp-content/uploads/2021/12/iCAN-business-300x169.png]
[nestlabnelson.ca/wp-content/uploads/2021/12/LIT-map-300x169.png]
[nestlabnelson.ca/wp-content/uploads/2020/12/Michele-Deluca-270x300.png]
[nestlabnelson.ca/wp-content/uploads/2021/12/NestLab-overview-A-300x169.jpg]
[nestlabnelson.ca/wp-content/uploads/2022/01/NestLab-Phase-II-Output-Report.pdf]
[nestlabnelson.ca/wp-content/uploads/2021/03/NestLab-PhaseI-OutputReport.pdf]
[nestlabnelson.ca/wp-content/uploads/2020/12/Social-Innovation.pdf]
[nestlabnelson.ca/wp-content/uploads/2020/12/pong-boarder-300x300.jpg]
[nestlabnelson.ca/wp-content/uploads/2020/12/steven-boarder-300x300.jpg]
[nestlabnelson.ca/wp-content/uploads/2020/12/kady-boarder-300x300.jpg]
[nestlabnelson.ca/wp-content/uploads/2022/03/Laura-boarder-300x300.jpg]
[nestlabnelson.ca/wp-content/uploads/2020/12/george-boarder-300x300.jpg]
[nestlabnelson.ca/wp-content/uploads/2022/03/Cecilia-boarder-300x300.jpg]
[nestlabnelson.ca/wp-content/uploads/2020/12/nelson-lowres-300x131.jpg]
[nestlabnelson.ca/wp-content/uploads/2020/12/N@B-logo-300x153.jpg]
[nestlabnelson.ca/wp-content/uploads/2020/12/interior-health-logo-300x198.jpg]
[nestlabnelson.ca/wp-content/uploads/2021/03/SelkirkLogo_00-300x73.png]
[nestlabnelson.ca/wp-content/uploads/2021/03/kast-logo-300x125.jpg]
[nestlabnelson.ca/wp-content/uploads/2020/12/VancouverFoundation-300x77.jpg]
[nestlabnelson.ca/wp-content/uploads/2020/12/TrottierFoundation.jpg]
[nestlabnelson.ca/wp-content/uploads/2020/12/Gerald-Cordeiro-270x300.png]
[nestlabnelson.ca/wp-content/uploads/svgs/birl-looking-left.svg]
[nestlabnelson.ca/wp-content/uploads/svgs/nest-logo-notagline.svg]
[nestlabnelson.ca/wp-content/themes/nestlabnelson/dist/scripts/main_e90d3f7b.js]
[nestlabnelson.ca/index.html]
[nestlabnelson.ca/site-credits/index.html]
[nestlabnelson.ca/wp-content/uploads/svgs/footer-arrow.svg]
[nestlabnelson.ca/privacy-policy/index.html]
[nestlabnelson.ca/wp-content/uploads/svgs/numbered-path.svg]
[nestlabnelson.ca/wp-content/uploads/svgs/button-expand.svg]
[nestlabnelson.ca/wp-content/uploads/svgs/button-expand-over.svg]
[nestlabnelson.ca/wp-content/uploads/svgs/button-contract.svg]
[nestlabnelson.ca/wp-content/uploads/svgs/button-contract-over.svg]
[nestlabnelson.ca/wp-content/uploads/svgs/birl-looking-right.svg]
[nestlabnelson.ca/wp-content/uploads/svgs/quote-open.svg]
[nestlabnelson.ca/wp-content/uploads/svgs/quote-close.svg]
[nestlabnelson.ca/wp-content/uploads/svgs/collaboration.png]
[nestlabnelson.ca/wp-content/themes/nestlabnelson/dist/styles/main_e90d3f7b.css]
[nestlabnelson.ca/wp-content/uploads/svgs/NestLab-Logo-Colour.svg]
[nestlabnelson.ca/wp-content/uploads/2020/12/convene.svg]
[nestlabnelson.ca/wp-content/uploads/2020/12/complex.svg]
[nestlabnelson.ca/wp-content/uploads/2020/12/prototype.svg]
[nestlabnelson.ca/wp-content/uploads/2020/12/localaction.svg]
[nestlabnelson.ca/wp-content/uploads/svgs/youtube-play-normal.svg]
[nestlabnelson.ca/wp-content/uploads/svgs/youtube-play-over.svg]
[nestlabnelson.ca/wp-content/uploads/svgs/birl-looking-left.svg]
[nestlabnelson.ca/wp-content/uploads/svgs/nest-logo-notagline.svg]
[nestlabnelson.ca/wp-json/wp/v2/pages/116.json]
[nestlabnelson.ca/wp-json/oembed/1.0/embed1001.json]
[nestlabnelson.ca/wp-json/oembed/1.0/embed60ab]
[nestlabnelson.ca/wp-content/uploads/2024/02/theforest-logo.png]
[nestlabnelson.ca/wp-content/uploads/2024/02/spacerace-logo.png]
[nestlabnelson.ca/site-credits/index.html]
[nestlabnelson.ca/wp-json/wp/v2/pages/3.json]
[nestlabnelson.ca/wp-json/oembed/1.0/embed024f.json]
[nestlabnelson.ca/privacy-policy/feed/index.html]
[nestlabnelson.ca/wp-json/oembed/1.0/embedeef6]
[nestlabnelson.ca/privacy-policy/index.html]
[nestlabnelson.ca/wp-content/uploads/svgs/footer-arrow.svg]
[nestlabnelson.ca/wp-content/uploads/svgs/numbered-path.svg]
[nestlabnelson.ca/wp-content/uploads/svgs/button-expand.svg]
[nestlabnelson.ca/wp-content/uploads/svgs/button-expand-over.svg]
[nestlabnelson.ca/wp-content/uploads/svgs/button-contract.svg]
[nestlabnelson.ca/wp-content/uploads/svgs/button-contract-over.svg]
[nestlabnelson.ca/wp-content/uploads/svgs/birl-looking-right.svg]
[nestlabnelson.ca/wp-content/uploads/svgs/quote-open.svg]
[nestlabnelson.ca/wp-content/uploads/svgs/quote-close.svg]
[nestlabnelson.ca/indexd78c.html]
[nestlabnelson.ca/index2207.html]
